interactions:
- request:
    body: null
    headers:
      Accept: [application/json]
      Accept-Encoding: ['gzip, deflate']
      Connection: [keep-alive]
      Content-Type: [application/json; charset=utf-8]
      User-Agent: [python/3.5.2 (Windows-8.1-6.3.9600-SP0) requests/2.9.1 msrest/0.4.11
          msrest_azure/0.4.11 batchmanagementclient/4.0.0 Azure-SDK-For-Python]
      accept-language: [en-US]
      x-ms-client-request-id: [27de3aa8-749a-11e7-84f4-54ee750f2fc7]
    method: GET
    uri: https://management.azure.com/subscriptions/00000000-0000-0000-0000-000000000000/resourceGroups/test_rg/providers/Microsoft.Batch/batchAccounts/test1?api-version=2017-05-01
  response:
    body: {string: '{"id":"/subscriptions/00000000-0000-0000-0000-000000000000/resourceGroups/test_rg/providers/Microsoft.Batch/batchAccounts/test1","name":"test1","type":"Microsoft.Batch/batchAccounts","location":"westus","properties":{"accountEndpoint":"test1.westus.batch.azure.com","provisioningState":"Succeeded","dedicatedCoreQuota":800,"lowPriorityCoreQuota":20,"poolQuota":20,"activeJobAndJobScheduleQuota":20,"autoStorage":{"storageAccountId":"/subscriptions/00000000-0000-0000-0000-000000000000/resourceGroups/test_rg/providers/Microsoft.Storage/storageAccounts/testaccountforbatch","lastKeySync":"2017-07-22T22:41:15.9792828Z"},"poolAllocationMode":"batchservice"},"tags":{"Value":"tagValue","test":"test1","Name":"tagName"}}'}
    headers:
      Cache-Control: [no-cache]
      Content-Type: [application/json; charset=utf-8]
      Date: ['Sat, 29 Jul 2017 20:11:49 GMT']
      ETag: ['"0x8D4D152C346A4BC"']
      Expires: ['-1']
      Last-Modified: ['Sat, 22 Jul 2017 22:41:15 GMT']
      Pragma: [no-cache]
      Server: [Microsoft-HTTPAPI/2.0]
      Strict-Transport-Security: [max-age=31536000; includeSubDomains]
      Transfer-Encoding: [chunked]
      Vary: [Accept-Encoding]
      X-Content-Type-Options: [nosniff]
      content-length: ['772']
    status: {code: 200, message: OK}
- request:
    body: null
    headers:
      Accept: [application/json]
      Accept-Encoding: ['gzip, deflate']
      Connection: [keep-alive]
      Content-Length: ['0']
      Content-Type: [application/json; charset=utf-8]
      User-Agent: [python/3.5.2 (Windows-8.1-6.3.9600-SP0) requests/2.9.1 msrest/0.4.11
          msrest_azure/0.4.11 storagemanagementclient/1.2.0 Azure-SDK-For-Python]
      accept-language: [en-US]
      x-ms-client-request-id: [2908b550-749a-11e7-b791-54ee750f2fc7]
    method: POST
    uri: https://management.azure.com/subscriptions/00000000-0000-0000-0000-000000000000/resourceGroups/test_rg/providers/Microsoft.Storage/storageAccounts/testaccountforbatch/listKeys?api-version=2017-06-01
  response:
    body: {string: '{"keys":[{"keyName":"key1","permissions":"Full","value":"abc=="},{"keyName":"key2","permissions":"Full","value":"xyz=="}]}

        '}
    headers:
      Cache-Control: [no-cache]
      Content-Type: [application/json]
      Date: ['Sat, 29 Jul 2017 20:11:49 GMT']
      Expires: ['-1']
      Pragma: [no-cache]
      Server: [Microsoft-Azure-Storage-Resource-Provider/1.0, Microsoft-HTTPAPI/2.0]
      Strict-Transport-Security: [max-age=31536000; includeSubDomains]
      Transfer-Encoding: [chunked]
      Vary: [Accept-Encoding]
      content-length: ['289']
      x-ms-ratelimit-remaining-subscription-writes: ['1199']
    status: {code: 200, message: OK}
- request:
    body: null
    headers:
      Connection: [keep-alive]
      Content-Length: ['0']
      User-Agent: [Azure-Storage/0.34.3 (Python CPython 3.5.2; Windows 8.1)]
      x-ms-client-request-id: [297b9d12-749a-11e7-a998-54ee750f2fc7]
      x-ms-date: ['Sat, 29 Jul 2017 20:11:52 GMT']
      x-ms-version: ['2016-05-31']
    method: PUT
    uri: https://testaccountforbatch.blob.core.windows.net/fgrp-cli-batch-extensions-live-tests?restype=container
  response:
    body: {string: "\uFEFF<?xml version=\"1.0\" encoding=\"utf-8\"?><Error><Code>ContainerAlreadyExists</Code><Message>The\
        \ specified container already exists.\nRequestId:0426b6e6-0001-004f-53a6-087efc000000\n\
        Time:2017-07-29T20:11:59.7074961Z</Message></Error>"}
    headers:
      Content-Length: ['230']
      Content-Type: [application/xml]
      Date: ['Sat, 29 Jul 2017 20:11:58 GMT']
      Server: [Windows-Azure-Blob/1.0 Microsoft-HTTPAPI/2.0]
      x-ms-version: ['2016-05-31']
    status: {code: 409, message: The specified container already exists.}
- request:
    body: null
    headers:
      Connection: [keep-alive]
      User-Agent: [Azure-Storage/0.34.3 (Python CPython 3.5.2; Windows 8.1)]
      x-ms-client-request-id: [2efcea0c-749a-11e7-8f14-54ee750f2fc7]
      x-ms-date: ['Sat, 29 Jul 2017 20:12:02 GMT']
      x-ms-version: ['2016-05-31']
    method: GET
    uri: https://testaccountforbatch.blob.core.windows.net/fgrp-cli-batch-extensions-live-tests/foo.txt?comp=metadata
  response:
    body: {string: ''}
    headers:
      Date: ['Sat, 29 Jul 2017 20:11:59 GMT']
      ETag: ['"0x8D4BE357489DC4D"']
      Last-Modified: ['Wed, 28 Jun 2017 14:53:36 GMT']
      Server: [Windows-Azure-Blob/1.0 Microsoft-HTTPAPI/2.0]
      Transfer-Encoding: [chunked]
      x-ms-meta-lastmodified: ['1490100978.0']
      x-ms-version: ['2016-05-31']
    status: {code: 200, message: OK}
- request:
    body: null
    headers:
      Accept: [application/json]
      Accept-Encoding: ['gzip, deflate']
      Connection: [keep-alive]
      Content-Type: [application/json; charset=utf-8]
      User-Agent: [python/3.5.2 (Windows-8.1-6.3.9600-SP0) requests/2.9.1 msrest/0.4.11
          msrest_azure/0.4.11 batchmanagementclient/4.0.0 Azure-SDK-For-Python]
      accept-language: [en-US]
      x-ms-client-request-id: [2f155480-749a-11e7-a0e9-54ee750f2fc7]
    method: GET
    uri: https://management.azure.com/subscriptions/00000000-0000-0000-0000-000000000000/resourceGroups/test_rg/providers/Microsoft.Batch/batchAccounts/test1?api-version=2017-05-01
  response:
    body: {string: '{"id":"/subscriptions/00000000-0000-0000-0000-000000000000/resourceGroups/test_rg/providers/Microsoft.Batch/batchAccounts/test1","name":"test1","type":"Microsoft.Batch/batchAccounts","location":"westus","properties":{"accountEndpoint":"test1.westus.batch.azure.com","provisioningState":"Succeeded","dedicatedCoreQuota":800,"lowPriorityCoreQuota":20,"poolQuota":20,"activeJobAndJobScheduleQuota":20,"autoStorage":{"storageAccountId":"/subscriptions/00000000-0000-0000-0000-000000000000/resourceGroups/test_rg/providers/Microsoft.Storage/storageAccounts/testaccountforbatch","lastKeySync":"2017-07-22T22:41:15.9792828Z"},"poolAllocationMode":"batchservice"},"tags":{"Value":"tagValue","test":"test1","Name":"tagName"}}'}
    headers:
      Cache-Control: [no-cache]
      Content-Type: [application/json; charset=utf-8]
      Date: ['Sat, 29 Jul 2017 20:12:00 GMT']
      ETag: ['"0x8D4D152C346A4BC"']
      Expires: ['-1']
      Last-Modified: ['Sat, 22 Jul 2017 22:41:15 GMT']
      Pragma: [no-cache]
      Server: [Microsoft-HTTPAPI/2.0]
      Strict-Transport-Security: [max-age=31536000; includeSubDomains]
      Transfer-Encoding: [chunked]
      Vary: [Accept-Encoding]
      X-Content-Type-Options: [nosniff]
      content-length: ['772']
    status: {code: 200, message: OK}
- request:
    body: null
    headers:
      Accept: [application/json]
      Accept-Encoding: ['gzip, deflate']
      Connection: [keep-alive]
      Content-Length: ['0']
      Content-Type: [application/json; charset=utf-8]
      User-Agent: [python/3.5.2 (Windows-8.1-6.3.9600-SP0) requests/2.9.1 msrest/0.4.11
          msrest_azure/0.4.11 storagemanagementclient/1.2.0 Azure-SDK-For-Python]
      accept-language: [en-US]
      x-ms-client-request-id: [2f981b00-749a-11e7-ae58-54ee750f2fc7]
    method: POST
    uri: https://management.azure.com/subscriptions/00000000-0000-0000-0000-000000000000/resourceGroups/test_rg/providers/Microsoft.Storage/storageAccounts/testaccountforbatch/listKeys?api-version=2017-06-01
  response:
    body: {string: '{"keys":[{"keyName":"key1","permissions":"Full","value":"abc=="},{"keyName":"key2","permissions":"Full","value":"xyz=="}]}

        '}
    headers:
      Cache-Control: [no-cache]
      Content-Type: [application/json]
      Date: ['Sat, 29 Jul 2017 20:12:00 GMT']
      Expires: ['-1']
      Pragma: [no-cache]
      Server: [Microsoft-Azure-Storage-Resource-Provider/1.0, Microsoft-HTTPAPI/2.0]
      Strict-Transport-Security: [max-age=31536000; includeSubDomains]
      Transfer-Encoding: [chunked]
      Vary: [Accept-Encoding]
      content-length: ['289']
      x-ms-ratelimit-remaining-subscription-writes: ['1199']
    status: {code: 200, message: OK}
- request:
    body: null
    headers:
      Connection: [keep-alive]
      Content-Length: ['0']
      User-Agent: [Azure-Storage/0.34.3 (Python CPython 3.5.2; Windows 8.1)]
      x-ms-client-request-id: [2fbe8f7e-749a-11e7-ab2a-54ee750f2fc7]
      x-ms-date: ['Sat, 29 Jul 2017 20:12:03 GMT']
      x-ms-version: ['2016-05-31']
    method: PUT
    uri: https://testaccountforbatch.blob.core.windows.net/fgrp-cli-batch-extensions-live-tests?restype=container
  response:
    body: {string: "\uFEFF<?xml version=\"1.0\" encoding=\"utf-8\"?><Error><Code>ContainerAlreadyExists</Code><Message>The\
        \ specified container already exists.\nRequestId:ba02e291-0001-00cc-58a6-08de51000000\n\
        Time:2017-07-29T20:12:00.6924899Z</Message></Error>"}
    headers:
      Content-Length: ['230']
      Content-Type: [application/xml]
      Date: ['Sat, 29 Jul 2017 20:11:59 GMT']
      Server: [Windows-Azure-Blob/1.0 Microsoft-HTTPAPI/2.0]
      x-ms-version: ['2016-05-31']
    status: {code: 409, message: The specified container already exists.}
- request:
    body: null
    headers:
      Connection: [keep-alive]
      User-Agent: [Azure-Storage/0.34.3 (Python CPython 3.5.2; Windows 8.1)]
      x-ms-client-request-id: [2fd8ce62-749a-11e7-8425-54ee750f2fc7]
      x-ms-date: ['Sat, 29 Jul 2017 20:12:03 GMT']
      x-ms-version: ['2016-05-31']
    method: GET
    uri: https://testaccountforbatch.blob.core.windows.net/fgrp-cli-batch-extensions-live-tests/test/data/foo.txt?comp=metadata
  response:
    body: {string: ''}
    headers:
      Date: ['Sat, 29 Jul 2017 20:11:59 GMT']
      ETag: ['"0x8D4BE3575D5DC30"']
      Last-Modified: ['Wed, 28 Jun 2017 14:53:38 GMT']
      Server: [Windows-Azure-Blob/1.0 Microsoft-HTTPAPI/2.0]
      Transfer-Encoding: [chunked]
      x-ms-meta-lastmodified: ['1490100978.0']
      x-ms-version: ['2016-05-31']
    status: {code: 200, message: OK}
version: 1
