interactions:
- request:
    body: null
    headers:
      Accept: [application/json]
      Accept-Encoding: ['gzip, deflate']
      Connection: [keep-alive]
      Content-Type: [application/json; charset=utf-8]
      User-Agent: [python/3.6.5 (Windows-10-10.0.17763-SP0) msrest/0.6.4 msrest_azure/0.6.0
          azure-mgmt-batch/5.0.1 Azure-SDK-For-Python]
      accept-language: [en-US]
      x-ms-client-request-id: [91926fc2-3a17-11e9-b495-44032c851686]
    method: GET
    uri: https://management.azure.com/subscriptions/00000000-0000-0000-0000-000000000000/resourceGroups/sdktest/providers/Microsoft.Batch/batchAccounts/sdktest2?api-version=2017-09-01
  response:
    body: {string: '{"id":"/subscriptions/00000000-0000-0000-0000-000000000000/resourceGroups/sdktest/providers/Microsoft.Batch/batchAccounts/sdktest2","name":"sdktest2","type":"Microsoft.Batch/batchAccounts","location":"westcentralus","properties":{"accountEndpoint":"sdktest2.westcentralus.batch.azure.com","provisioningState":"Succeeded","dedicatedCoreQuota":20,"lowPriorityCoreQuota":100,"poolQuota":100,"activeJobAndJobScheduleQuota":300,"autoStorage":{"storageAccountId":"/subscriptions/00000000-0000-0000-0000-000000000000/resourceGroups/sdktest/providers/Microsoft.Storage/storageAccounts/sdkteststore2","lastKeySync":"2019-01-03T22:11:31.6617722Z"},"poolAllocationMode":"BatchService"}}'}
    headers:
      Cache-Control: [no-cache]
      Content-Type: [application/json; charset=utf-8]
      Date: ['Tue, 26 Feb 2019 22:40:51 GMT']
      ETag: ['"0x8D68C797BA4521F"']
      Expires: ['-1']
      Last-Modified: ['Wed, 06 Feb 2019 21:24:31 GMT']
      Pragma: [no-cache]
      Server: [Microsoft-HTTPAPI/2.0]
      Strict-Transport-Security: [max-age=31536000; includeSubDomains]
      Transfer-Encoding: [chunked]
      Vary: [Accept-Encoding]
      X-Content-Type-Options: [nosniff]
      content-length: ['675']
    status: {code: 200, message: OK}
- request:
    body: null
    headers:
      Accept: [application/json]
      Accept-Encoding: ['gzip, deflate']
      Connection: [keep-alive]
      Content-Length: ['0']
      Content-Type: [application/json; charset=utf-8]
      User-Agent: [python/3.6.5 (Windows-10-10.0.17763-SP0) msrest/0.6.4 msrest_azure/0.6.0
          azure-mgmt-storage/2.0.0 Azure-SDK-For-Python]
      accept-language: [en-US]
      x-ms-client-request-id: [91d7e53e-3a17-11e9-a11b-44032c851686]
    method: POST
    uri: https://management.azure.com/subscriptions/00000000-0000-0000-0000-000000000000/resourceGroups/sdktest/providers/Microsoft.Storage/storageAccounts/sdkteststore2/listKeys?api-version=2018-02-01
  response:
    body: {string: '{"keys":[{"keyName":"key1","value":"abc==","permissions":"FULL"},{"keyName":"key2","value":"def==","permissions":"FULL"}]}'}
    headers:
      Cache-Control: [no-cache]
      Content-Type: [application/json]
      Date: ['Tue, 26 Feb 2019 22:40:51 GMT']
      Expires: ['-1']
      Pragma: [no-cache]
      Server: ['Microsoft-Azure-Storage-Resource-Provider/1.0,Microsoft-HTTPAPI/2.0
          Microsoft-HTTPAPI/2.0']
      Strict-Transport-Security: [max-age=31536000; includeSubDomains]
      Transfer-Encoding: [chunked]
      Vary: [Accept-Encoding]
      X-Content-Type-Options: [nosniff]
      content-length: ['288']
      x-ms-ratelimit-remaining-subscription-writes: ['1199']
    status: {code: 200, message: OK}
- request:
    body: null
    headers:
      Connection: [keep-alive]
      Content-Length: ['0']
      User-Agent: [Azure-Storage/1.1.0-1.1.0 (Python CPython 3.6.5; Windows 10)]
      x-ms-client-request-id: [91f81078-3a17-11e9-8bd8-44032c851686]
      x-ms-date: ['Tue, 26 Feb 2019 22:40:51 GMT']
      x-ms-version: ['2017-07-29']
    method: PUT
    uri: https://sdkteststore2.blob.core.windows.net/fgrp-cli-batch-extensions-live-tests?restype=container
  response:
    body: {string: ''}
    headers:
      Date: ['Tue, 26 Feb 2019 22:40:51 GMT']
      ETag: ['"0x8D69C3B763EA9F8"']
      Last-Modified: ['Tue, 26 Feb 2019 22:40:52 GMT']
      Server: [Windows-Azure-Blob/1.0 Microsoft-HTTPAPI/2.0]
      Transfer-Encoding: [chunked]
      x-ms-version: ['2017-07-29']
    status: {code: 201, message: Created}
- request:
    body: null
    headers:
      Connection: [keep-alive]
      User-Agent: [Azure-Storage/1.1.0-1.1.0 (Python CPython 3.6.5; Windows 10)]
      x-ms-client-request-id: [92164990-3a17-11e9-951f-44032c851686]
      x-ms-date: ['Tue, 26 Feb 2019 22:40:52 GMT']
      x-ms-version: ['2017-07-29']
    method: GET
    uri: https://sdkteststore2.blob.core.windows.net/fgrp-cli-batch-extensions-live-tests/foo.txt?comp=metadata
  response:
    body: {string: "\uFEFF<?xml version=\"1.0\" encoding=\"utf-8\"?><Error><Code>BlobNotFound</Code><Message>The\
        \ specified blob does not exist.\nRequestId:162750fb-201e-0052-3024-ce79f2000000\n\
        Time:2019-02-26T22:40:52.0765939Z</Message></Error>"}
    headers:
      Content-Length: ['215']
      Content-Type: [application/xml]
      Date: ['Tue, 26 Feb 2019 22:40:51 GMT']
      Server: [Windows-Azure-Blob/1.0 Microsoft-HTTPAPI/2.0]
      x-ms-error-code: [BlobNotFound]
      x-ms-version: ['2017-07-29']
    status: {code: 404, message: The specified blob does not exist.}
- request:
    body: '1'
    headers:
      Connection: [keep-alive]
      Content-Length: ['1']
      Content-MD5: [xMpCOKC5I4INzFCab3WEmw==]
      User-Agent: [Azure-Storage/1.1.0-1.1.0 (Python CPython 3.6.5; Windows 10)]
      x-ms-blob-type: [BlockBlob]
      x-ms-client-request-id: [921c6598-3a17-11e9-a8bf-44032c851686]
      x-ms-date: ['Tue, 26 Feb 2019 22:40:52 GMT']
      x-ms-meta-lastmodified: ['1524153754.2560813']
      x-ms-version: ['2017-07-29']
    method: PUT
    uri: https://sdkteststore2.blob.core.windows.net/fgrp-cli-batch-extensions-live-tests/foo.txt
  response:
    body: {string: ''}
    headers:
      Content-MD5: [xMpCOKC5I4INzFCab3WEmw==]
      Date: ['Tue, 26 Feb 2019 22:40:51 GMT']
      ETag: ['"0x8D69C3B764BD1C4"']
      Last-Modified: ['Tue, 26 Feb 2019 22:40:52 GMT']
      Server: [Windows-Azure-Blob/1.0 Microsoft-HTTPAPI/2.0]
      Transfer-Encoding: [chunked]
      x-ms-request-server-encrypted: ['true']
      x-ms-version: ['2017-07-29']
    status: {code: 201, message: Created}
- request:
    body: null
    headers:
      Accept: [application/json]
      Accept-Encoding: ['gzip, deflate']
      Connection: [keep-alive]
      Content-Type: [application/json; charset=utf-8]
      User-Agent: [python/3.6.5 (Windows-10-10.0.17763-SP0) msrest/0.6.4 msrest_azure/0.6.0
          azure-mgmt-batch/5.0.1 Azure-SDK-For-Python]
      accept-language: [en-US]
      x-ms-client-request-id: [92423d18-3a17-11e9-aab6-44032c851686]
    method: GET
    uri: https://management.azure.com/subscriptions/00000000-0000-0000-0000-000000000000/resourceGroups/sdktest/providers/Microsoft.Batch/batchAccounts/sdktest2?api-version=2017-09-01
  response:
    body: {string: '{"id":"/subscriptions/00000000-0000-0000-0000-000000000000/resourceGroups/sdktest/providers/Microsoft.Batch/batchAccounts/sdktest2","name":"sdktest2","type":"Microsoft.Batch/batchAccounts","location":"westcentralus","properties":{"accountEndpoint":"sdktest2.westcentralus.batch.azure.com","provisioningState":"Succeeded","dedicatedCoreQuota":20,"lowPriorityCoreQuota":100,"poolQuota":100,"activeJobAndJobScheduleQuota":300,"autoStorage":{"storageAccountId":"/subscriptions/00000000-0000-0000-0000-000000000000/resourceGroups/sdktest/providers/Microsoft.Storage/storageAccounts/sdkteststore2","lastKeySync":"2019-01-03T22:11:31.6617722Z"},"poolAllocationMode":"BatchService"}}'}
    headers:
      Cache-Control: [no-cache]
      Content-Type: [application/json; charset=utf-8]
      Date: ['Tue, 26 Feb 2019 22:40:52 GMT']
      ETag: ['"0x8D68C797BA4521F"']
      Expires: ['-1']
      Last-Modified: ['Wed, 06 Feb 2019 21:24:31 GMT']
      Pragma: [no-cache]
      Server: [Microsoft-HTTPAPI/2.0]
      Strict-Transport-Security: [max-age=31536000; includeSubDomains]
      Transfer-Encoding: [chunked]
      Vary: [Accept-Encoding]
      X-Content-Type-Options: [nosniff]
      content-length: ['675']
    status: {code: 200, message: OK}
- request:
    body: null
    headers:
      Accept: [application/json]
      Accept-Encoding: ['gzip, deflate']
      Connection: [keep-alive]
      Content-Length: ['0']
      Content-Type: [application/json; charset=utf-8]
      User-Agent: [python/3.6.5 (Windows-10-10.0.17763-SP0) msrest/0.6.4 msrest_azure/0.6.0
          azure-mgmt-storage/2.0.0 Azure-SDK-For-Python]
      accept-language: [en-US]
      x-ms-client-request-id: [926eaf86-3a17-11e9-b812-44032c851686]
    method: POST
    uri: https://management.azure.com/subscriptions/00000000-0000-0000-0000-000000000000/resourceGroups/sdktest/providers/Microsoft.Storage/storageAccounts/sdkteststore2/listKeys?api-version=2018-02-01
  response:
    body: {string: '{"keys":[{"keyName":"key1","value":"abc==","permissions":"FULL"},{"keyName":"key2","value":"def==","permissions":"FULL"}]}'}
    headers:
      Cache-Control: [no-cache]
      Content-Type: [application/json]
      Date: ['Tue, 26 Feb 2019 22:40:52 GMT']
      Expires: ['-1']
      Pragma: [no-cache]
      Server: ['Microsoft-Azure-Storage-Resource-Provider/1.0,Microsoft-HTTPAPI/2.0
          Microsoft-HTTPAPI/2.0']
      Strict-Transport-Security: [max-age=31536000; includeSubDomains]
      Transfer-Encoding: [chunked]
      Vary: [Accept-Encoding]
      X-Content-Type-Options: [nosniff]
      content-length: ['288']
      x-ms-ratelimit-remaining-subscription-writes: ['1199']
    status: {code: 200, message: OK}
- request:
    body: null
    headers:
      Connection: [keep-alive]
      Content-Length: ['0']
      User-Agent: [Azure-Storage/1.1.0-1.1.0 (Python CPython 3.6.5; Windows 10)]
      x-ms-client-request-id: [92b103d8-3a17-11e9-a4a7-44032c851686]
      x-ms-date: ['Tue, 26 Feb 2019 22:40:53 GMT']
      x-ms-version: ['2017-07-29']
    method: PUT
    uri: https://sdkteststore2.blob.core.windows.net/fgrp-cli-batch-extensions-live-tests?restype=container
  response:
    body: {string: "\uFEFF<?xml version=\"1.0\" encoding=\"utf-8\"?><Error><Code>ContainerAlreadyExists</Code><Message>The\
        \ specified container already exists.\nRequestId:7f315fe9-001e-00a0-2c24-ceab66000000\n\
        Time:2019-02-26T22:40:53.2071423Z</Message></Error>"}
    headers:
      Content-Length: ['230']
      Content-Type: [application/xml]
      Date: ['Tue, 26 Feb 2019 22:40:52 GMT']
      Server: [Windows-Azure-Blob/1.0 Microsoft-HTTPAPI/2.0]
      x-ms-error-code: [ContainerAlreadyExists]
      x-ms-version: ['2017-07-29']
    status: {code: 409, message: The specified container already exists.}
- request:
    body: null
    headers:
      Connection: [keep-alive]
      User-Agent: [Azure-Storage/1.1.0-1.1.0 (Python CPython 3.6.5; Windows 10)]
      x-ms-client-request-id: [92c90d22-3a17-11e9-bd18-44032c851686]
      x-ms-date: ['Tue, 26 Feb 2019 22:40:53 GMT']
      x-ms-version: ['2017-07-29']
    method: GET
    uri: https://sdkteststore2.blob.core.windows.net/fgrp-cli-batch-extensions-live-tests/test/data/foo.txt?comp=metadata
  response:
    body: {string: "\uFEFF<?xml version=\"1.0\" encoding=\"utf-8\"?><Error><Code>BlobNotFound</Code><Message>The\
        \ specified blob does not exist.\nRequestId:7f315ff9-001e-00a0-3924-ceab66000000\n\
        Time:2019-02-26T22:40:53.2491724Z</Message></Error>"}
    headers:
      Content-Length: ['215']
      Content-Type: [application/xml]
      Date: ['Tue, 26 Feb 2019 22:40:52 GMT']
      Server: [Windows-Azure-Blob/1.0 Microsoft-HTTPAPI/2.0]
      x-ms-error-code: [BlobNotFound]
      x-ms-version: ['2017-07-29']
    status: {code: 404, message: The specified blob does not exist.}
- request:
    body: '1'
    headers:
      Connection: [keep-alive]
      Content-Length: ['1']
      Content-MD5: [xMpCOKC5I4INzFCab3WEmw==]
      User-Agent: [Azure-Storage/1.1.0-1.1.0 (Python CPython 3.6.5; Windows 10)]
      x-ms-blob-type: [BlockBlob]
      x-ms-client-request-id: [92cf6858-3a17-11e9-8fb7-44032c851686]
      x-ms-date: ['Tue, 26 Feb 2019 22:40:53 GMT']
      x-ms-meta-lastmodified: ['1524153754.2560813']
      x-ms-version: ['2017-07-29']
    method: PUT
    uri: https://sdkteststore2.blob.core.windows.net/fgrp-cli-batch-extensions-live-tests/test/data/foo.txt
  response:
    body: {string: ''}
    headers:
      Content-MD5: [xMpCOKC5I4INzFCab3WEmw==]
      Date: ['Tue, 26 Feb 2019 22:40:52 GMT']
      ETag: ['"0x8D69C3B76FF152A"']
      Last-Modified: ['Tue, 26 Feb 2019 22:40:53 GMT']
      Server: [Windows-Azure-Blob/1.0 Microsoft-HTTPAPI/2.0]
      Transfer-Encoding: [chunked]
      x-ms-request-server-encrypted: ['true']
      x-ms-version: ['2017-07-29']
    status: {code: 201, message: Created}
version: 1
